---
source: src/mesh/scalar_field.rs
expression: "&scalar_field"
---
{
  "block_start": [
    -1,
    -2,
    -1
  ],
  "block_dimensions": [
    4,
    5,
    3
  ],
  "voxel_dimensions": [
    1.0,
    1.0,
    1.0
  ],
  "values": [
    32767,
    32767,
    32767,
    32767,
    0,
    32767,
    32767,
    32767,
    0,
    0,
    0,
    32767,
    0,
    0,
    32767,
    32767,
    32767,
    32767,
    32767,
    32767,
    32767,
    32767,
    32767,
    32767,
    0,
    0,
    32767,
    32767,
    0,
    0,
    0,
    32767,
    0,
    0,
    32767,
    32767,
    32767,
    32767,
    32767,
    32767,
    32767,
    32767,
    32767,
    32767,
    32767,
    32767,
    32767,
    32767,
    32767,
    32767,
    32767,
    32767,
    32767,
    32767,
    32767,
    32767,
    32767,
    32767,
    32767,
    32767
  ]
}
